cuequivariance or cuequivariance_torch is not available. Cuequivariance acceleration will be disabled.
Using float64 for MACECalculator, which is slower but more accurate. Recommended for geometry optimization.
Using head Default out of ['Default']
       Step     Time          Energy          fmax
LBFGS:    0 08:14:40      -14.461095        0.303318
LBFGS:    1 08:14:41      -14.464956        0.289696
LBFGS:    2 08:14:41      -14.507052        0.151696
LBFGS:    3 08:14:41      -14.508654        0.133682
LBFGS:    4 08:14:41      -14.509983        0.134649
LBFGS:    5 08:14:41      -14.516703        0.117338
LBFGS:    6 08:14:41      -14.520117        0.089839
LBFGS:    7 08:14:41      -14.522018        0.076316
LBFGS:    8 08:14:42      -14.522476        0.073976
LBFGS:    9 08:14:42      -14.523029        0.071078
LBFGS:   10 08:14:42      -14.524036        0.068091
LBFGS:   11 08:14:42      -14.525172        0.068756
LBFGS:   12 08:14:42      -14.526063        0.082264
LBFGS:   13 08:14:42      -14.526640        0.087966
LBFGS:   14 08:14:42      -14.527552        0.089399
LBFGS:   15 08:14:42      -14.529677        0.107753
LBFGS:   16 08:14:42      -14.535537        0.142408
LBFGS:   17 08:14:42      -14.552099        0.320958
LBFGS:   18 08:14:42      -14.536428        0.125855
LBFGS:   19 08:14:42      -14.530618        0.061355
LBFGS:   20 08:14:42      -14.541179        0.142381
LBFGS:   21 08:14:43      -14.529782        0.072888
LBFGS:   22 08:14:43      -14.500875        0.186816
LBFGS:   23 08:14:43      -14.530758        0.056863
LBFGS:   24 08:14:43      -14.537355        0.046720
LBFGS:   25 08:14:43      -14.556885        0.083364
LBFGS:   26 08:14:43      -14.537411        0.042765
LBFGS:   27 08:14:43      -14.524516        0.070258
LBFGS:   28 08:14:43      -14.540220        0.044704
LBFGS:   29 08:14:43      -14.563528        0.111447
LBFGS:   30 08:14:43      -14.540167        0.043542
LBFGS:   31 08:14:43      -14.530789        0.049457
LBFGS:   32 08:14:43      -14.545722        0.055350
LBFGS:   33 08:14:44      -14.530809        0.048099
LBFGS:   34 08:14:44      -14.500231        0.179229
LBFGS:   35 08:14:44      -14.530717        0.050219
LBFGS:   36 08:14:44      -14.537082        0.037293
LBFGS:   37 08:14:44      -14.555689        0.095469
LBFGS:   38 08:14:44      -14.537059        0.038487
LBFGS:   39 08:14:44      -14.522502        0.086148
LBFGS:   40 08:14:44      -14.538966        0.041794
LBFGS:   41 08:14:44      -14.560052        0.117162
LBFGS:   42 08:14:44      -14.538947        0.044252
LBFGS:   43 08:14:44      -14.528436        0.065222
LBFGS:   44 08:14:45      -14.543090        0.055008
LBFGS:   45 08:14:45      -14.570438        0.154570
LBFGS:   46 08:14:45      -14.543085        0.057430
LBFGS:   47 08:14:45      -14.533912        0.051568
LBFGS:   48 08:14:45      -14.510214        0.145940
LBFGS:   49 08:14:45      -14.533885        0.051589
LBFGS:   50 08:14:45      -14.541124        0.050910
LBFGS:   51 08:14:45      -14.525975        0.078345
LBFGS:   52 08:14:45      -14.541125        0.052972
LBFGS:   53 08:14:45      -14.565427        0.140903
LBFGS:   54 08:14:45      -14.541131        0.053867
LBFGS:   55 08:14:45      -14.531970        0.057174
LBFGS:   56 08:14:46      -14.546937        0.073270
LBFGS:   57 08:14:46      -14.531962        0.056643
LBFGS:   58 08:14:46      -14.504368        0.169607
LBFGS:   59 08:14:46      -14.531935        0.056423
LBFGS:   60 08:14:46      -14.538402        0.046888
LBFGS:   61 08:14:46      -14.558785        0.112063
LBFGS:   62 08:14:46      -14.538413        0.046683
LBFGS:   63 08:14:46      -14.527193        0.073216
LBFGS:   64 08:14:46      -14.542016        0.054827
LBFGS:   65 08:14:46      -14.567665        0.147887
LBFGS:   66 08:14:46      -14.542028        0.056698
LBFGS:   67 08:14:46      -14.532971        0.055226
LBFGS:   68 08:14:47      -14.507609        0.156776
LBFGS:   69 08:14:47      -14.532955        0.054858
LBFGS:   70 08:14:47      -14.539721        0.049274
LBFGS:   71 08:14:47      -14.561925        0.121806
LBFGS:   72 08:14:47      -14.539735        0.048892
LBFGS:   73 08:14:47      -14.530008        0.062957
LBFGS:   74 08:14:47      -14.544571        0.063119
LBFGS:   75 08:14:47      -14.529996        0.062197
LBFGS:   76 08:14:47      -14.498207        0.193697
LBFGS:   77 08:14:47      -14.529970        0.062282
LBFGS:   78 08:14:47      -14.536434        0.045803
LBFGS:   79 08:14:47      -14.554414        0.095623
LBFGS:   80 08:14:48      -14.536445        0.045168
LBFGS:   81 08:14:48      -14.519245        0.105704
LBFGS:   82 08:14:48      -14.537351        0.046142
LBFGS:   83 08:14:48      -14.551743        0.089583
LBFGS:   84 08:14:48      -14.535072        0.048097
LBFGS:   85 08:14:48      -14.513612        0.130141
LBFGS:   86 08:14:48      -14.535068        0.048323
LBFGS:   87 08:14:48      -14.543431        0.059317
LBFGS:   88 08:14:48      -14.528851        0.066071
LBFGS:   89 08:14:48      -14.543437        0.060303
LBFGS:   90 08:14:48      -14.571262        0.164502
LBFGS:   91 08:14:48      -14.543466        0.062596
LBFGS:   92 08:14:49      -14.534237        0.053429
LBFGS:   93 08:14:49      -14.511339        0.141878
LBFGS:   94 08:14:49      -14.534227        0.053021
LBFGS:   95 08:14:49      -14.541760        0.054936
LBFGS:   96 08:14:49      -14.526861        0.076631
LBFGS:   97 08:14:49      -14.541769        0.056768
LBFGS:   98 08:14:49      -14.567047        0.148373
LBFGS:   99 08:14:49      -14.541784        0.057388
LBFGS:  100 08:14:49      -14.532711        0.056460
LBFGS:  101 08:14:49      -14.506824        0.160403
LBFGS:  102 08:14:49      -14.532697        0.055943
LBFGS:  103 08:14:49      -14.539373        0.048988
LBFGS:  104 08:14:50      -14.561083        0.118826
LBFGS:  105 08:14:50      -14.539386        0.048502
LBFGS:  106 08:14:50      -14.529377        0.065376
LBFGS:  107 08:14:50      -14.543926        0.061506
LBFGS:  108 08:14:50      -14.572486        0.165099
LBFGS:  109 08:14:50      -14.543943        0.063974
LBFGS:  110 08:14:50      -14.534593        0.053370
LBFGS:  111 08:14:50      -14.512354        0.136854
LBFGS:  112 08:14:50      -14.534593        0.051470
LBFGS:  113 08:14:50      -14.542484        0.055704
LBFGS:  114 08:14:50      -14.527796        0.071040
LBFGS:  115 08:14:50      -14.542472        0.057755
LBFGS:  116 08:14:51      -14.568661        0.152946
LBFGS:  117 08:14:51      -14.542456        0.058953
LBFGS:  118 08:14:51      -14.533395        0.054858
LBFGS:  119 08:14:51      -14.508945        0.150802
LBFGS:  120 08:14:51      -14.533402        0.053301
LBFGS:  121 08:14:51      -14.540371        0.051505
LBFGS:  122 08:14:51      -14.524888        0.083872
LBFGS:  123 08:14:51      -14.540372        0.052061
LBFGS:  124 08:14:51      -14.563500        0.132212
LBFGS:  125 08:14:51      -14.540372        0.052268
LBFGS:  126 08:14:51      -14.530989        0.060246
LBFGS:  127 08:14:51      -14.545655        0.068132
LBFGS:  128 08:14:52      -14.530988        0.059947
LBFGS:  129 08:14:52      -14.501496        0.180695
LBFGS:  130 08:14:52      -14.530988        0.059542
LBFGS:  131 08:14:52      -14.537412        0.047488
LBFGS:  132 08:14:52      -14.556491        0.105144
LBFGS:  133 08:14:52      -14.537411        0.047471
LBFGS:  134 08:14:52      -14.523937        0.087231
LBFGS:  135 08:14:52      -14.539782        0.050153
LBFGS:  136 08:14:52      -14.562048        0.126601
LBFGS:  137 08:14:52      -14.539782        0.050417
LBFGS:  138 08:14:52      -14.530067        0.062876
LBFGS:  139 08:14:52      -14.544625        0.063884
LBFGS:  140 08:14:53      -14.530066        0.062562
LBFGS:  141 08:14:53      -14.498540        0.192315
LBFGS:  142 08:14:53      -14.530066        0.062190
LBFGS:  143 08:14:53      -14.536535        0.046890
LBFGS:  144 08:14:53      -14.554601        0.097709
LBFGS:  145 08:14:53      -14.536534        0.046862
LBFGS:  146 08:14:53      -14.519707        0.104572
LBFGS:  147 08:14:53      -14.537566        0.047033
LBFGS:  148 08:14:53      -14.553049        0.093138
LBFGS:  149 08:14:53      -14.535766        0.047536
LBFGS:  150 08:14:53      -14.515458        0.122348
LBFGS:  151 08:14:53      -14.535765        0.047579
LBFGS:  152 08:14:54      -14.545275        0.064957
LBFGS:  153 08:14:54      -14.530666        0.059515
LBFGS:  154 08:14:54      -14.500456        0.184152
LBFGS:  155 08:14:54      -14.530665        0.059255
LBFGS:  156 08:14:54      -14.537080        0.046158
LBFGS:  157 08:14:54      -14.555759        0.102423
LBFGS:  158 08:14:54      -14.537079        0.046306
LBFGS:  159 08:14:54      -14.522566        0.092018
LBFGS:  160 08:14:54      -14.538995        0.047930
LBFGS:  161 08:14:54      -14.560139        0.119755
LBFGS:  162 08:14:54      -14.538994        0.048280
LBFGS:  163 08:14:54      -14.528573        0.067620
LBFGS:  164 08:14:55      -14.543157        0.058363
LBFGS:  165 08:14:55      -14.570518        0.156891
LBFGS:  166 08:14:55      -14.543160        0.059078
LBFGS:  167 08:14:55      -14.534031        0.051605
LBFGS:  168 08:14:55      -14.510772        0.142904
LBFGS:  169 08:14:55      -14.534032        0.051380
LBFGS:  170 08:14:55      -14.541378        0.053806
LBFGS:  171 08:14:55      -14.526369        0.077354
LBFGS:  172 08:14:55      -14.541378        0.054239
LBFGS:  173 08:14:55      -14.566008        0.141759
LBFGS:  174 08:14:55      -14.541378        0.054617
LBFGS:  175 08:14:56      -14.532303        0.056126
LBFGS:  176 08:14:56      -14.505638        0.164166
LBFGS:  177 08:14:56      -14.532305        0.055780
LBFGS:  178 08:14:56      -14.538866        0.048966
LBFGS:  179 08:14:56      -14.559830        0.117556
LBFGS:  180 08:14:56      -14.538866        0.049051
LBFGS:  181 08:14:56      -14.528282        0.069912
LBFGS:  182 08:14:56      -14.542901        0.058249
LBFGS:  183 08:14:56      -14.569861        0.153794
LBFGS:  184 08:14:56      -14.542903        0.058737
LBFGS:  185 08:14:56      -14.533817        0.052629
LBFGS:  186 08:14:56      -14.510167        0.145768
LBFGS:  187 08:14:57      -14.533818        0.052342
LBFGS:  188 08:14:57      -14.541024        0.053227
LBFGS:  189 08:14:57      -14.525872        0.079910
LBFGS:  190 08:14:57      -14.541024        0.053665
LBFGS:  191 08:14:57      -14.565117        0.138124
LBFGS:  192 08:14:57      -14.541025        0.053931
LBFGS:  193 08:14:57      -14.531878        0.057629
LBFGS:  194 08:14:57      -14.546742        0.072170
LBFGS:  195 08:14:57      -14.531877        0.057358
LBFGS:  196 08:14:57      -14.504311        0.169361
LBFGS:  197 08:14:57      -14.531878        0.056985
LBFGS:  198 08:14:57      -14.538362        0.048510
LBFGS:  199 08:14:58      -14.558646        0.113810
LBFGS:  200 08:14:58      -14.538361        0.048569
LBFGS:  201 08:14:58      -14.527030        0.074799
LBFGS:  202 08:14:58      -14.541877        0.055452
LBFGS:  203 08:14:58      -14.567274        0.145534
LBFGS:  204 08:14:58      -14.541878        0.055841
LBFGS:  205 08:14:58      -14.532847        0.054706
LBFGS:  206 08:14:58      -14.507287        0.157486
LBFGS:  207 08:14:58      -14.532848        0.054393
LBFGS:  208 08:14:58      -14.539566        0.050088
LBFGS:  209 08:14:58      -14.561520        0.123491
LBFGS:  210 08:14:58      -14.539567        0.050196
LBFGS:  211 08:14:59      -14.529696        0.064675
LBFGS:  212 08:14:59      -14.544236        0.062506
LBFGS:  213 08:14:59      -14.529696        0.064334
LBFGS:  214 08:14:59      -14.497369        0.197255
LBFGS:  215 08:14:59      -14.529696        0.063948
LBFGS:  216 08:14:59      -14.536218        0.047288
LBFGS:  217 08:14:59      -14.553943        0.094700
LBFGS:  218 08:14:59      -14.536217        0.047174
LBFGS:  219 08:14:59      -14.517647        0.113524
LBFGS:  220 08:14:59      -14.536652        0.047092
LBFGS:  221 08:14:59      -14.548374        0.075341
LBFGS:  222 08:14:59      -14.533054        0.052409
LBFGS:  223 08:15:00      -14.507901        0.153832
LBFGS:  224 08:15:00      -14.533054        0.052272
LBFGS:  225 08:15:00      -14.539835        0.049209
LBFGS:  226 08:15:00      -14.562171        0.125742
LBFGS:  227 08:15:00      -14.539835        0.049533
LBFGS:  228 08:15:00      -14.530178        0.061826
LBFGS:  229 08:15:00      -14.544731        0.063163
LBFGS:  230 08:15:00      -14.530177        0.061497
LBFGS:  231 08:15:00      -14.498915        0.190367
LBFGS:  232 08:15:00      -14.530177        0.061220
LBFGS:  233 08:15:00      -14.536632        0.046374
LBFGS:  234 08:15:00      -14.554795        0.098438
LBFGS:  235 08:15:01      -14.536631        0.046427
LBFGS:  236 08:15:01      -14.520288        0.101716
LBFGS:  237 08:15:01      -14.537833        0.046804
LBFGS:  238 08:15:01      -14.554865        0.099864
LBFGS:  239 08:15:01      -14.536663        0.046746
LBFGS:  240 08:15:01      -14.520460        0.101012
LBFGS:  241 08:15:01      -14.537918        0.047189
LBFGS:  242 08:15:01      -14.555492        0.103052
LBFGS:  243 08:15:01      -14.536956        0.047038
LBFGS:  244 08:15:01      -14.521976        0.094753
LBFGS:  245 08:15:01      -14.538680        0.048245
LBFGS:  246 08:15:01      -14.559391        0.118205
LBFGS:  247 08:15:02      -14.538679        0.048517
LBFGS:  248 08:15:02      -14.527847        0.070773
LBFGS:  249 08:15:02      -14.542530        0.057139
LBFGS:  250 08:15:02      -14.568929        0.152593
LBFGS:  251 08:15:02      -14.542532        0.057699
LBFGS:  252 08:15:02      -14.533485        0.052911
LBFGS:  253 08:15:02      -14.509183        0.149522
LBFGS:  254 08:15:02      -14.533486        0.052655
LBFGS:  255 08:15:02      -14.540478        0.051940
LBFGS:  256 08:15:02      -14.525057        0.082867
LBFGS:  257 08:15:02      -14.540478        0.052278
LBFGS:  258 08:15:02      -14.563764        0.134208
LBFGS:  259 08:15:03      -14.540478        0.052572
LBFGS:  260 08:15:03      -14.531155        0.059621
LBFGS:  261 08:15:03      -14.545844        0.068952
LBFGS:  262 08:15:03      -14.531154        0.059377
LBFGS:  263 08:15:03      -14.502023        0.178687
LBFGS:  264 08:15:03      -14.531155        0.059022
LBFGS:  265 08:15:03      -14.537573        0.047753
LBFGS:  266 08:15:03      -14.556854        0.107451
LBFGS:  267 08:15:03      -14.537573        0.047798
LBFGS:  268 08:15:03      -14.524566        0.084752
LBFGS:  269 08:15:03      -14.540166        0.051177
LBFGS:  270 08:15:04      -14.562996        0.130725
LBFGS:  271 08:15:04      -14.540166        0.051466
LBFGS:  272 08:15:04      -14.530699        0.060879
LBFGS:  273 08:15:04      -14.545313        0.066576
LBFGS:  274 08:15:04      -14.530698        0.060610
LBFGS:  275 08:15:04      -14.500569        0.184458
LBFGS:  276 08:15:04      -14.530699        0.060272
LBFGS:  277 08:15:04      -14.537119        0.047278
LBFGS:  278 08:15:04      -14.555851        0.103293
LBFGS:  279 08:15:04      -14.537118        0.047309
LBFGS:  280 08:15:04      -14.522733        0.092194
LBFGS:  281 08:15:04      -14.539090        0.048957
LBFGS:  282 08:15:05      -14.560374        0.120902
LBFGS:  283 08:15:05      -14.539090        0.049186
LBFGS:  284 08:15:05      -14.528772        0.067558
LBFGS:  285 08:15:05      -14.543343        0.059610
LBFGS:  286 08:15:05      -14.570992        0.158708
LBFGS:  287 08:15:05      -14.543345        0.060185
LBFGS:  288 08:15:05      -14.534178        0.051772
LBFGS:  289 08:15:05      -14.511189        0.141516
LBFGS:  290 08:15:05      -14.534179        0.051533
LBFGS:  291 08:15:05      -14.541644        0.054915
LBFGS:  292 08:15:05      -14.526724        0.076336
LBFGS:  293 08:15:05      -14.541645        0.055337
LBFGS:  294 08:15:06      -14.566688        0.144302
LBFGS:  295 08:15:06      -14.541646        0.055679
LBFGS:  296 08:15:06      -14.532599        0.055646
LBFGS:  297 08:15:06      -14.506537        0.160761
LBFGS:  298 08:15:06      -14.532601        0.055300
LBFGS:  299 08:15:06      -14.539239        0.049830
LBFGS:  300 08:15:06      -14.560730        0.120996
LBFGS:  301 08:15:06      -14.539240        0.049903
LBFGS:  302 08:15:06      -14.529073        0.067171
LBFGS:  303 08:15:06      -14.543625        0.060783
LBFGS:  304 08:15:06      -14.571701        0.160034
LBFGS:  305 08:15:06      -14.543627        0.061270
LBFGS:  306 08:15:07      -14.534397        0.051828
LBFGS:  307 08:15:07      -14.511815        0.139185
LBFGS:  308 08:15:07      -14.534398        0.051559
LBFGS:  309 08:15:07      -14.542068        0.056241
LBFGS:  310 08:15:07      -14.527273        0.074517
LBFGS:  311 08:15:07      -14.542068        0.056721
LBFGS:  312 08:15:07      -14.567753        0.147474
LBFGS:  313 08:15:07      -14.542070        0.057023
LBFGS:  314 08:15:07      -14.533037        0.054795
LBFGS:  315 08:15:07      -14.507868        0.155368
LBFGS:  316 08:15:07      -14.533038        0.054442
LBFGS:  317 08:15:07      -14.539837        0.051051
LBFGS:  318 08:15:08      -14.562179        0.125947
LBFGS:  319 08:15:08      -14.539838        0.051117
LBFGS:  320 08:15:08      -14.530163        0.063382
LBFGS:  321 08:15:08      -14.544724        0.064542
LBFGS:  322 08:15:08      -14.530163        0.063038
LBFGS:  323 08:15:08      -14.498886        0.191359
LBFGS:  324 08:15:08      -14.530164        0.062632
LBFGS:  325 08:15:08      -14.536635        0.047516
LBFGS:  326 08:15:08      -14.554807        0.098091
LBFGS:  327 08:15:08      -14.536634        0.047392
LBFGS:  328 08:15:08      -14.520274        0.102750
LBFGS:  329 08:15:08      -14.537831        0.047653
LBFGS:  330 08:15:09      -14.554869        0.099606
LBFGS:  331 08:15:09      -14.536663        0.047508
LBFGS:  332 08:15:09      -14.520434        0.101857
LBFGS:  333 08:15:09      -14.537908        0.047851
LBFGS:  334 08:15:09      -14.555438        0.102623
LBFGS:  335 08:15:09      -14.536929        0.047627
LBFGS:  336 08:15:09      -14.521823        0.095948
LBFGS:  337 08:15:09      -14.538604        0.048662
LBFGS:  338 08:15:09      -14.559213        0.117273
LBFGS:  339 08:15:09      -14.538603        0.048833
LBFGS:  340 08:15:09      -14.527649        0.071969
LBFGS:  341 08:15:09      -14.542371        0.056987
LBFGS:  342 08:15:09      -14.568525        0.150956
LBFGS:  343 08:15:10      -14.542371        0.057455
LBFGS:  344 08:15:10      -14.533330        0.053495
LBFGS:  345 08:15:10      -14.508721        0.151513
LBFGS:  346 08:15:10      -14.533330        0.053208
LBFGS:  347 08:15:10      -14.540248        0.051568
LBFGS:  348 08:15:10      -14.524694        0.084547
LBFGS:  349 08:15:10      -14.540248        0.051887
LBFGS:  350 08:15:10      -14.563195        0.131811
LBFGS:  351 08:15:10      -14.540248        0.052119
LBFGS:  352 08:15:10      -14.530812        0.060825
LBFGS:  353 08:15:10      -14.545446        0.067528
LBFGS:  354 08:15:10      -14.530811        0.060569
LBFGS:  355 08:15:11      -14.500933        0.183054
LBFGS:  356 08:15:11      -14.530812        0.060198
LBFGS:  357 08:15:11      -14.537234        0.047610
LBFGS:  358 08:15:11      -14.556104        0.104252
LBFGS:  359 08:15:11      -14.537233        0.047605
LBFGS:  360 08:15:11      -14.523220        0.090344
LBFGS:  361 08:15:11      -14.539365        0.049618
LBFGS:  362 08:15:11      -14.561035        0.123277
LBFGS:  363 08:15:11      -14.539364        0.049827
LBFGS:  364 08:15:11      -14.529315        0.065689
LBFGS:  365 08:15:11      -14.543860        0.061457
LBFGS:  366 08:15:11      -14.572302        0.163030
LBFGS:  367 08:15:12      -14.543862        0.062037
LBFGS:  368 08:15:12      -14.534567        0.051329
LBFGS:  369 08:15:12      -14.512273        0.137126
LBFGS:  370 08:15:12      -14.534567        0.051086
LBFGS:  371 08:15:12      -14.542395        0.057173
LBFGS:  372 08:15:12      -14.527674        0.072708
LBFGS:  373 08:15:12      -14.542395        0.057640
LBFGS:  374 08:15:12      -14.568588        0.150866
LBFGS:  375 08:15:12      -14.542396        0.058006
LBFGS:  376 08:15:12      -14.533350        0.054007
LBFGS:  377 08:15:12      -14.508786        0.151622
LBFGS:  378 08:15:13      -14.533351        0.053669
LBFGS:  379 08:15:13      -14.540288        0.052002
LBFGS:  380 08:15:13      -14.524753        0.084809
LBFGS:  381 08:15:13      -14.540287        0.052323
LBFGS:  382 08:15:13      -14.563293        0.131855
LBFGS:  383 08:15:13      -14.540287        0.052486
LBFGS:  384 08:15:13      -14.530867        0.060986
LBFGS:  385 08:15:13      -14.545512        0.067972
LBFGS:  386 08:15:13      -14.530866        0.060709
LBFGS:  387 08:15:13      -14.501114        0.182497
LBFGS:  388 08:15:13      -14.530867        0.060308
LBFGS:  389 08:15:13      -14.537293        0.047845
LBFGS:  390 08:15:14      -14.556234        0.104508
LBFGS:  391 08:15:14      -14.537292        0.047798
LBFGS:  392 08:15:14      -14.523459        0.089542
LBFGS:  393 08:15:14      -14.539503        0.049986
LBFGS:  394 08:15:14      -14.561370        0.124284
LBFGS:  395 08:15:14      -14.539502        0.050172
LBFGS:  396 08:15:14      -14.529572        0.064882
LBFGS:  397 08:15:14      -14.544116        0.062373
LBFGS:  398 08:15:14      -14.529572        0.064566
LBFGS:  399 08:15:14      -14.496944        0.198804
LBFGS:  400 08:15:14      -14.529572        0.064157
LBFGS:  401 08:15:14      -14.536106        0.047172
LBFGS:  402 08:15:15      -14.553722        0.094178
LBFGS:  403 08:15:15      -14.536105        0.047080
LBFGS:  404 08:15:15      -14.516838        0.116737
LBFGS:  405 08:15:15      -14.536317        0.047070
LBFGS:  406 08:15:15      -14.547073        0.070724
LBFGS:  407 08:15:15      -14.532130        0.054773
LBFGS:  408 08:15:15      -14.505076        0.165305
LBFGS:  409 08:15:15      -14.532129        0.054584
LBFGS:  410 08:15:15      -14.538639        0.047196
LBFGS:  411 08:15:15      -14.559294        0.115425
LBFGS:  412 08:15:15      -14.538638        0.047474
LBFGS:  413 08:15:15      -14.527761        0.070719
LBFGS:  414 08:15:16      -14.542456        0.055808
LBFGS:  415 08:15:16      -14.568740        0.149812
LBFGS:  416 08:15:16      -14.542457        0.056454
LBFGS:  417 08:15:16      -14.533424        0.052559
LBFGS:  418 08:15:16      -14.509010        0.149985
LBFGS:  419 08:15:16      -14.533425        0.052328
LBFGS:  420 08:15:16      -14.540387        0.051028
LBFGS:  421 08:15:16      -14.524922        0.083001
LBFGS:  422 08:15:16      -14.540387        0.051466
LBFGS:  423 08:15:16      -14.563528        0.132547
LBFGS:  424 08:15:16      -14.540387        0.051820
LBFGS:  425 08:15:16      -14.531026        0.059661
LBFGS:  426 08:15:17      -14.545686        0.067840
LBFGS:  427 08:15:17      -14.531025        0.059372
LBFGS:  428 08:15:17      -14.501622        0.179876
LBFGS:  429 08:15:17      -14.531025        0.059013
LBFGS:  430 08:15:17      -14.537443        0.047220
LBFGS:  431 08:15:17      -14.556554        0.105854
LBFGS:  432 08:15:17      -14.537442        0.047288
LBFGS:  433 08:15:17      -14.524075        0.086401
LBFGS:  434 08:15:17      -14.539860        0.050172
LBFGS:  435 08:15:17      -14.562235        0.127728
LBFGS:  436 08:15:17      -14.539860        0.050505
LBFGS:  437 08:15:17      -14.530209        0.062260
LBFGS:  438 08:15:18      -14.544769        0.064397
LBFGS:  439 08:15:18      -14.530209        0.061951
LBFGS:  440 08:15:18      -14.499005        0.190371
LBFGS:  441 08:15:18      -14.530209        0.061586
LBFGS:  442 08:15:18      -14.536661        0.046846
LBFGS:  443 08:15:18      -14.554863        0.099158
LBFGS:  444 08:15:18      -14.536660        0.046868
LBFGS:  445 08:15:18      -14.520444        0.101440
LBFGS:  446 08:15:18      -14.537912        0.047288
LBFGS:  447 08:15:18      -14.555448        0.102494
LBFGS:  448 08:15:18      -14.536934        0.047133
LBFGS:  449 08:15:18      -14.521869        0.095432
LBFGS:  450 08:15:18      -14.538626        0.048261
LBFGS:  451 08:15:19      -14.559266        0.117510
LBFGS:  452 08:15:19      -14.538625        0.048523
LBFGS:  453 08:15:19      -14.527716        0.071453
LBFGS:  454 08:15:19      -14.542422        0.056883
LBFGS:  455 08:15:19      -14.568657        0.151570
LBFGS:  456 08:15:19      -14.542424        0.057478
LBFGS:  457 08:15:19      -14.533385        0.053312
LBFGS:  458 08:15:19      -14.508888        0.150869
LBFGS:  459 08:15:19      -14.533386        0.053013
LBFGS:  460 08:15:19      -14.540327        0.051632
LBFGS:  461 08:15:19      -14.524822        0.083957
LBFGS:  462 08:15:19      -14.540327        0.052003
LBFGS:  463 08:15:20      -14.563390        0.132797
LBFGS:  464 08:15:20      -14.540328        0.052302
LBFGS:  465 08:15:20      -14.530936        0.060440
LBFGS:  466 08:15:20      -14.545586        0.068126
LBFGS:  467 08:15:20      -14.530935        0.060157
LBFGS:  468 08:15:20      -14.501328        0.181515
LBFGS:  469 08:15:20      -14.530936        0.059754
LBFGS:  470 08:15:20      -14.537353        0.047588
LBFGS:  471 08:15:20      -14.556365        0.105339
LBFGS:  472 08:15:20      -14.537353        0.047609
LBFGS:  473 08:15:20      -14.523722        0.088246
LBFGS:  474 08:15:20      -14.539653        0.050113
LBFGS:  475 08:15:20      -14.561736        0.126088
LBFGS:  476 08:15:20      -14.539653        0.050392
LBFGS:  477 08:15:21      -14.529853        0.063792
LBFGS:  478 08:15:21      -14.544398        0.063384
LBFGS:  479 08:15:21      -14.529853        0.063479
LBFGS:  480 08:15:21      -14.497851        0.195279
LBFGS:  481 08:15:21      -14.529854        0.063089
LBFGS:  482 08:15:21      -14.536344        0.047095
LBFGS:  483 08:15:21      -14.554208        0.096567
LBFGS:  484 08:15:21      -14.536343        0.047064
LBFGS:  485 08:15:21      -14.518526        0.109711
LBFGS:  486 08:15:21      -14.537034        0.047036
LBFGS:  487 08:15:21      -14.550076        0.082208
LBFGS:  488 08:15:21      -14.534129        0.049943
LBFGS:  489 08:15:22      -14.511029        0.140921
LBFGS:  490 08:15:22      -14.534129        0.049868
LBFGS:  491 08:15:22      -14.541529        0.053275
LBFGS:  492 08:15:22      -14.526575        0.075214
LBFGS:  493 08:15:22      -14.541529        0.053728
LBFGS:  494 08:15:22      -14.566401        0.143879
LBFGS:  495 08:15:22      -14.541530        0.054352
LBFGS:  496 08:15:22      -14.532477        0.054883
LBFGS:  497 08:15:22      -14.506148        0.161695
LBFGS:  498 08:15:22      -14.532478        0.054621
LBFGS:  499 08:15:22      -14.539068        0.048820
LBFGS:  500 08:15:22      -14.560320        0.120046
LBFGS:  501 08:15:23      -14.539068        0.049024
LBFGS:  502 08:15:23      -14.528730        0.067775
LBFGS:  503 08:15:23      -14.543303        0.059291
LBFGS:  504 08:15:23      -14.570890        0.157775
LBFGS:  505 08:15:23      -14.543305        0.059864
LBFGS:  506 08:15:23      -14.534150        0.051787
LBFGS:  507 08:15:23      -14.511112        0.141860
LBFGS:  508 08:15:23      -14.534151        0.051551
LBFGS:  509 08:15:23      -14.541594        0.054657
LBFGS:  510 08:15:23      -14.526659        0.076591
LBFGS:  511 08:15:23      -14.541594        0.055102
LBFGS:  512 08:15:24      -14.566559        0.143604
LBFGS:  513 08:15:24      -14.541595        0.055443
LBFGS:  514 08:15:24      -14.532547        0.055745
LBFGS:  515 08:15:24      -14.506381        0.161369
LBFGS:  516 08:15:24      -14.532548        0.055398
LBFGS:  517 08:15:24      -14.539172        0.049653
LBFGS:  518 08:15:24      -14.560565        0.120250
LBFGS:  519 08:15:24      -14.539172        0.049724
LBFGS:  520 08:15:24      -14.528939        0.067634
LBFGS:  521 08:15:24      -14.543497        0.060289
LBFGS:  522 08:15:24      -14.571373        0.158807
LBFGS:  523 08:15:24      -14.543499        0.060773
LBFGS:  524 08:15:24      -14.534300        0.051931
LBFGS:  525 08:15:25      -14.511546        0.140245
LBFGS:  526 08:15:25      -14.534302        0.051661
LBFGS:  527 08:15:25      -14.541884        0.055657
LBFGS:  528 08:15:25      -14.527040        0.075395
LBFGS:  529 08:15:25      -14.541884        0.056132
LBFGS:  530 08:15:25      -14.567285        0.145772
LBFGS:  531 08:15:25      -14.541885        0.056429
LBFGS:  532 08:15:25      -14.532851        0.055194
LBFGS:  533 08:15:25      -14.507312        0.157590
LBFGS:  534 08:15:25      -14.532852        0.054833
LBFGS:  535 08:15:25      -14.539580        0.050493
LBFGS:  536 08:15:25      -14.561549        0.123572
LBFGS:  537 08:15:26      -14.539581        0.050549
LBFGS:  538 08:15:26      -14.529716        0.064902
LBFGS:  539 08:15:26      -14.544256        0.062875
LBFGS:  540 08:15:26      -14.529716        0.064544
LBFGS:  541 08:15:26      -14.497448        0.197006
LBFGS:  542 08:15:26      -14.529718        0.064128
LBFGS:  543 08:15:26      -14.536241        0.047500
LBFGS:  544 08:15:26      -14.553987        0.094756
LBFGS:  545 08:15:26      -14.536240        0.047347
LBFGS:  546 08:15:26      -14.517796        0.113044
LBFGS:  547 08:15:26      -14.536715        0.047246
LBFGS:  548 08:15:26      -14.548643        0.076323
LBFGS:  549 08:15:27      -14.533234        0.052122
LBFGS:  550 08:15:27      -14.508439        0.151682
LBFGS:  551 08:15:27      -14.533233        0.051977
LBFGS:  552 08:15:27      -14.540096        0.049794
LBFGS:  553 08:15:27      -14.562809        0.127692
LBFGS:  554 08:15:27      -14.540095        0.050071
LBFGS:  555 08:15:27      -14.530599        0.060419
LBFGS:  556 08:15:27      -14.545192        0.064655
LBFGS:  557 08:15:27      -14.530599        0.060135
LBFGS:  558 08:15:27      -14.500271        0.184981
LBFGS:  559 08:15:27      -14.530599        0.059900
LBFGS:  560 08:15:27      -14.537026        0.046537
LBFGS:  561 08:15:28      -14.555633        0.101616
LBFGS:  562 08:15:28      -14.537025        0.046598
LBFGS:  563 08:15:28      -14.522306        0.093365
LBFGS:  564 08:15:28      -14.538852        0.047938
LBFGS:  565 08:15:28      -14.559790        0.117901
LBFGS:  566 08:15:28      -14.538851        0.048160
LBFGS:  567 08:15:28      -14.528255        0.068949
LBFGS:  568 08:15:28      -14.542874        0.057409
LBFGS:  569 08:15:28      -14.569792        0.153660
LBFGS:  570 08:15:28      -14.542875        0.057912
LBFGS:  571 08:15:28      -14.533796        0.051763
LBFGS:  572 08:15:28      -14.510101        0.145406
LBFGS:  573 08:15:29      -14.533797        0.051593
LBFGS:  574 08:15:29      -14.540978        0.052619
LBFGS:  575 08:15:29      -14.525809        0.079429
LBFGS:  576 08:15:29      -14.540978        0.052974
LBFGS:  577 08:15:29      -14.565003        0.137749
LBFGS:  578 08:15:29      -14.540979        0.053272
LBFGS:  579 08:15:29      -14.531825        0.057171
LBFGS:  580 08:15:29      -14.546672        0.071338
LBFGS:  581 08:15:29      -14.531824        0.056968
LBFGS:  582 08:15:29      -14.504142        0.169763
LBFGS:  583 08:15:29      -14.531825        0.056703
LBFGS:  584 08:15:30      -14.538296        0.048167
LBFGS:  585 08:15:30      -14.558493        0.113519
LBFGS:  586 08:15:30      -14.538296        0.048266
LBFGS:  587 08:15:30      -14.526857        0.075191
LBFGS:  588 08:15:30      -14.541742        0.054851
LBFGS:  589 08:15:30      -14.566934        0.144336
LBFGS:  590 08:15:30      -14.541743        0.055204
LBFGS:  591 08:15:30      -14.532710        0.054732
LBFGS:  592 08:15:30      -14.506871        0.158992
LBFGS:  593 08:15:30      -14.532710        0.054482
LBFGS:  594 08:15:30      -14.539379        0.049630
LBFGS:  595 08:15:30      -14.561064        0.122103
LBFGS:  596 08:15:31      -14.539379        0.049748
LBFGS:  597 08:15:31      -14.529350        0.065742
LBFGS:  598 08:15:31      -14.543890        0.061233
LBFGS:  599 08:15:31      -14.572370        0.161848
LBFGS:  600 08:15:31      -14.543892        0.061694
LBFGS:  601 08:15:31      -14.534597        0.051086
LBFGS:  602 08:15:31      -14.512370        0.136625
LBFGS:  603 08:15:31      -14.534598        0.050892
LBFGS:  604 08:15:31      -14.542460        0.057108
LBFGS:  605 08:15:31      -14.527760        0.072297
LBFGS:  606 08:15:31      -14.542461        0.057545
LBFGS:  607 08:15:31      -14.568746        0.150578
LBFGS:  608 08:15:32      -14.542462        0.057850
LBFGS:  609 08:15:32      -14.533417        0.053623
LBFGS:  610 08:15:32      -14.508997        0.150557
LBFGS:  611 08:15:32      -14.533418        0.053348
LBFGS:  612 08:15:32      -14.540391        0.052084
LBFGS:  613 08:15:32      -14.524921        0.083970
LBFGS:  614 08:15:32      -14.540391        0.052377
LBFGS:  615 08:15:32      -14.563542        0.132390
LBFGS:  616 08:15:32      -14.540391        0.052524
LBFGS:  617 08:15:32      -14.531022        0.060318
LBFGS:  618 08:15:32      -14.545689        0.068313
LBFGS:  619 08:15:32      -14.531022        0.060084
LBFGS:  620 08:15:33      -14.501619        0.180332
LBFGS:  621 08:15:33      -14.531022        0.059750
LBFGS:  622 08:15:33      -14.537449        0.047939
LBFGS:  623 08:15:33      -14.556574        0.105917
LBFGS:  624 08:15:33      -14.537449        0.047915
LBFGS:  625 08:15:33      -14.524083        0.086930
LBFGS:  626 08:15:33      -14.539869        0.050678
LBFGS:  627 08:15:33      -14.562260        0.127423
LBFGS:  628 08:15:33      -14.539869        0.050855
LBFGS:  629 08:15:33      -14.530216        0.062563
LBFGS:  630 08:15:33      -14.544782        0.064568
LBFGS:  631 08:15:33      -14.530216        0.062315
LBFGS:  632 08:15:34      -14.499032        0.190501
LBFGS:  633 08:15:34      -14.530216        0.062007
LBFGS:  634 08:15:34      -14.536674        0.047327
LBFGS:  635 08:15:34      -14.554894        0.099293
LBFGS:  636 08:15:34      -14.536673        0.047299
LBFGS:  637 08:15:34      -14.520498        0.101569
LBFGS:  638 08:15:34      -14.537941        0.047660
LBFGS:  639 08:15:34      -14.555676        0.103105
LBFGS:  640 08:15:34      -14.537039        0.047435
LBFGS:  641 08:15:34      -14.522353        0.093685
LBFGS:  642 08:15:34      -14.538884        0.048797
LBFGS:  643 08:15:34      -14.559879        0.119286
LBFGS:  644 08:15:35      -14.538883        0.048975
LBFGS:  645 08:15:35      -14.528315        0.069255
LBFGS:  646 08:15:35      -14.542935        0.058394
LBFGS:  647 08:15:35      -14.569958        0.155246
LBFGS:  648 08:15:35      -14.542936        0.058842
LBFGS:  649 08:15:35      -14.533839        0.052195
LBFGS:  650 08:15:35      -14.510209        0.145321
LBFGS:  651 08:15:35      -14.533839        0.051985
LBFGS:  652 08:15:35      -14.541051        0.053325
LBFGS:  653 08:15:35      -14.525903        0.079437
LBFGS:  654 08:15:35      -14.541051        0.053692
LBFGS:  655 08:15:35      -14.565196        0.139152
LBFGS:  656 08:15:36      -14.541051        0.054001
LBFGS:  657 08:15:36      -14.531907        0.057371
LBFGS:  658 08:15:36      -14.546788        0.072422
LBFGS:  659 08:15:36      -14.531906        0.057139
LBFGS:  660 08:15:36      -14.504382        0.169088
LBFGS:  661 08:15:36      -14.531907        0.056802
LBFGS:  662 08:15:36      -14.538390        0.048558
LBFGS:  663 08:15:36      -14.558722        0.114523
LBFGS:  664 08:15:36      -14.538389        0.048642
LBFGS:  665 08:15:36      -14.527105        0.074471
LBFGS:  666 08:15:36      -14.541940        0.055687
LBFGS:  667 08:15:36      -14.567442        0.146402
LBFGS:  668 08:15:37      -14.541941        0.056082
LBFGS:  669 08:15:37      -14.532910        0.054562
LBFGS:  670 08:15:37      -14.507464        0.156842
LBFGS:  671 08:15:37      -14.532911        0.054258
LBFGS:  672 08:15:37      -14.539649        0.050285
LBFGS:  673 08:15:37      -14.561729        0.124442
LBFGS:  674 08:15:37      -14.539649        0.050408
LBFGS:  675 08:15:37      -14.529844        0.064183
LBFGS:  676 08:15:37      -14.544391        0.063110
LBFGS:  677 08:15:37      -14.529844        0.063839
LBFGS:  678 08:15:37      -14.497837        0.195498
LBFGS:  679 08:15:38      -14.529845        0.063459
LBFGS:  680 08:15:38      -14.536345        0.047304
LBFGS:  681 08:15:38      -14.554208        0.095881
LBFGS:  682 08:15:38      -14.536344        0.047203
LBFGS:  683 08:15:38      -14.518517        0.109950
LBFGS:  684 08:15:38      -14.537029        0.047139
LBFGS:  685 08:15:38      -14.550067        0.081729
LBFGS:  686 08:15:38      -14.534124        0.050082
LBFGS:  687 08:15:38      -14.511021        0.141035
LBFGS:  688 08:15:38      -14.534124        0.050004
LBFGS:  689 08:15:38      -14.541529        0.053190
LBFGS:  690 08:15:38      -14.526575        0.075380
LBFGS:  691 08:15:39      -14.541529        0.053635
LBFGS:  692 08:15:39      -14.566393        0.142906
LBFGS:  693 08:15:39      -14.541529        0.054145
LBFGS:  694 08:15:39      -14.532476        0.054790
LBFGS:  695 08:15:39      -14.506152        0.161515
LBFGS:  696 08:15:39      -14.532477        0.054546
LBFGS:  697 08:15:39      -14.539071        0.048677
LBFGS:  698 08:15:39      -14.560322        0.119544
LBFGS:  699 08:15:39      -14.539071        0.048865
LBFGS:  700 08:15:39      -14.528733        0.067650
LBFGS:  701 08:15:39      -14.543305        0.059092
LBFGS:  702 08:15:39      -14.570893        0.157270
LBFGS:  703 08:15:40      -14.543307        0.059651
LBFGS:  704 08:15:40      -14.534152        0.051638
LBFGS:  705 08:15:40      -14.511118        0.141661
LBFGS:  706 08:15:40      -14.534152        0.051413
LBFGS:  707 08:15:40      -14.541600        0.054505
LBFGS:  708 08:15:40      -14.526668        0.076410
LBFGS:  709 08:15:40      -14.541600        0.054956
LBFGS:  710 08:15:40      -14.566570        0.143339
LBFGS:  711 08:15:40      -14.541601        0.055294
LBFGS:  712 08:15:40      -14.532551        0.055594
LBFGS:  713 08:15:40      -14.506396        0.161120
LBFGS:  714 08:15:40      -14.532552        0.055260
LBFGS:  715 08:15:41      -14.539180        0.049546
LBFGS:  716 08:15:41      -14.560581        0.120131
LBFGS:  717 08:15:41      -14.539180        0.049618
LBFGS:  718 08:15:41      -14.528951        0.067464
LBFGS:  719 08:15:41      -14.543509        0.060203
LBFGS:  720 08:15:41      -14.571402        0.158708
LBFGS:  721 08:15:41      -14.543511        0.060685
LBFGS:  722 08:15:41      -14.534309        0.051804
LBFGS:  723 08:15:41      -14.511568        0.140025
LBFGS:  724 08:15:41      -14.534310        0.051545
LBFGS:  725 08:15:41      -14.541900        0.055607
LBFGS:  726 08:15:41      -14.527061        0.075199
LBFGS:  727 08:15:42      -14.541901        0.056082
LBFGS:  728 08:15:42      -14.567326        0.145789
LBFGS:  729 08:15:42      -14.541901        0.056380
LBFGS:  730 08:15:42      -14.532867        0.055062
LBFGS:  731 08:15:42      -14.507359        0.157285
LBFGS:  732 08:15:42      -14.532868        0.054710
LBFGS:  733 08:15:42      -14.539603        0.050465
LBFGS:  734 08:15:42      -14.561604        0.123702
LBFGS:  735 08:15:42      -14.539603        0.050525
LBFGS:  736 08:15:42      -14.529755        0.064689
LBFGS:  737 08:15:42      -14.544297        0.062940
LBFGS:  738 08:15:42      -14.529755        0.064337
LBFGS:  739 08:15:43      -14.497574        0.196416
LBFGS:  740 08:15:43      -14.529756        0.063929
LBFGS:  741 08:15:43      -14.536275        0.047444
LBFGS:  742 08:15:43      -14.554057        0.095002
LBFGS:  743 08:15:43      -14.536274        0.047298
LBFGS:  744 08:15:43      -14.518029        0.112006
LBFGS:  745 08:15:43      -14.536814        0.047199
LBFGS:  746 08:15:43      -14.549078        0.077899
LBFGS:  747 08:15:43      -14.533516        0.051418
LBFGS:  748 08:15:43      -14.509272        0.148184
LBFGS:  749 08:15:43      -14.533515        0.051293
LBFGS:  750 08:15:44      -14.540521        0.050684
LBFGS:  751 08:15:44      -14.525132        0.081313
LBFGS:  752 08:15:44      -14.540521        0.051099
LBFGS:  753 08:15:44      -14.563857        0.133521
LBFGS:  754 08:15:44      -14.540520        0.051508
LBFGS:  755 08:15:44      -14.531217        0.058399
LBFGS:  756 08:15:44      -14.545913        0.068029
LBFGS:  757 08:15:44      -14.531216        0.058162
LBFGS:  758 08:15:44      -14.502224        0.176989
LBFGS:  759 08:15:44      -14.531216        0.057893
LBFGS:  760 08:15:44      -14.537635        0.046960
LBFGS:  761 08:15:44      -14.556980        0.107579
LBFGS:  762 08:15:45      -14.537634        0.047093
LBFGS:  763 08:15:45      -14.524785        0.083074
LBFGS:  764 08:15:45      -14.540300        0.050790
LBFGS:  765 08:15:45      -14.563318        0.131565
LBFGS:  766 08:15:45      -14.540300        0.051160
LBFGS:  767 08:15:45      -14.530901        0.059623
LBFGS:  768 08:15:45      -14.545542        0.066824
LBFGS:  769 08:15:45      -14.530900        0.059368
LBFGS:  770 08:15:45      -14.501217        0.181311
LBFGS:  771 08:15:45      -14.530900        0.059079
LBFGS:  772 08:15:45      -14.537315        0.046908
LBFGS:  773 08:15:45      -14.556273        0.104859
LBFGS:  774 08:15:46      -14.537314        0.047004
LBFGS:  775 08:15:46      -14.523568        0.088268
LBFGS:  776 08:15:46      -14.539560        0.049399
LBFGS:  777 08:15:46      -14.561504        0.125006
LBFGS:  778 08:15:46      -14.539560        0.049705
LBFGS:  779 08:15:46      -14.529689        0.063858
LBFGS:  780 08:15:46      -14.544227        0.062280
LBFGS:  781 08:15:46      -14.529689        0.063576
LBFGS:  782 08:15:46      -14.497321        0.196989
LBFGS:  783 08:15:46      -14.529689        0.063257
LBFGS:  784 08:15:46      -14.536199        0.046842
LBFGS:  785 08:15:46      -14.553908        0.095537
LBFGS:  786 08:15:47      -14.536198        0.046852
LBFGS:  787 08:15:47      -14.517535        0.113531
LBFGS:  788 08:15:47      -14.536606        0.046807
LBFGS:  789 08:15:47      -14.548170        0.074996
LBFGS:  790 08:15:47      -14.532915        0.052431
LBFGS:  791 08:15:47      -14.507471        0.155368
LBFGS:  792 08:15:47      -14.532914        0.052316
LBFGS:  793 08:15:47      -14.539632        0.048798
LBFGS:  794 08:15:47      -14.561681        0.125001
LBFGS:  795 08:15:47      -14.539632        0.049180
LBFGS:  796 08:15:47      -14.529830        0.062895
LBFGS:  797 08:15:47      -14.544367        0.062090
LBFGS:  798 08:15:48      -14.529830        0.062593
LBFGS:  799 08:15:48      -14.497775        0.194972
LBFGS:  800 08:15:48      -14.529830        0.062321
LBFGS:  801 08:15:48      -14.536317        0.046395
LBFGS:  802 08:15:48      -14.554145        0.096438
LBFGS:  803 08:15:48      -14.536316        0.046468
LBFGS:  804 08:15:48      -14.518362        0.109775
LBFGS:  805 08:15:48      -14.536958        0.046474
LBFGS:  806 08:15:48      -14.549709        0.080706
LBFGS:  807 08:15:48      -14.533911        0.049840
LBFGS:  808 08:15:48      -14.510409        0.143030
LBFGS:  809 08:15:48      -14.533910        0.049807
LBFGS:  810 08:15:49      -14.541143        0.052012
LBFGS:  811 08:15:49      -14.526046        0.076884
LBFGS:  812 08:15:49      -14.541143        0.052403
LBFGS:  813 08:15:49      -14.565424        0.140642
LBFGS:  814 08:15:49      -14.541143        0.053001
LBFGS:  815 08:15:49      -14.532033        0.055661
LBFGS:  816 08:15:49      -14.546943        0.071973
LBFGS:  817 08:15:49      -14.532032        0.055496
LBFGS:  818 08:15:49      -14.504767        0.166807
LBFGS:  819 08:15:49      -14.532033        0.055281
LBFGS:  820 08:15:49      -14.538519        0.047812
LBFGS:  821 08:15:49      -14.559020        0.116254
LBFGS:  822 08:15:50      -14.538518        0.048076
LBFGS:  823 08:15:50      -14.527462        0.072280
LBFGS:  824 08:15:50      -14.542214        0.055925
LBFGS:  825 08:15:50      -14.568136        0.149366
LBFGS:  826 08:15:50      -14.542216        0.056478
LBFGS:  827 08:15:50      -14.533194        0.053426
LBFGS:  828 08:15:50      -14.508320        0.153131
LBFGS:  829 08:15:50      -14.533195        0.053180
LBFGS:  830 08:15:50      -14.540039        0.050808
LBFGS:  831 08:15:50      -14.562683        0.128486
LBFGS:  832 08:15:50      -14.540040        0.051037
LBFGS:  833 08:15:51      -14.530511        0.061652
LBFGS:  834 08:15:51      -14.545097        0.065505
LBFGS:  835 08:15:51      -14.530511        0.061339
LBFGS:  836 08:15:51      -14.499982        0.186963
LBFGS:  837 08:15:51      -14.530512        0.060996
LBFGS:  838 08:15:51      -14.536942        0.047214
LBFGS:  839 08:15:51      -14.555465        0.101369
LBFGS:  840 08:15:51      -14.536942        0.047210
LBFGS:  841 08:15:51      -14.521920        0.095671
LBFGS:  842 08:15:51      -14.538651        0.048281
LBFGS:  843 08:15:51      -14.559325        0.116671
LBFGS:  844 08:15:51      -14.538651        0.048463
LBFGS:  845 08:15:52      -14.527789        0.071346
LBFGS:  846 08:15:52      -14.542479        0.056809
LBFGS:  847 08:15:52      -14.568800        0.150975
LBFGS:  848 08:15:52      -14.542481        0.057311
LBFGS:  849 08:15:52      -14.533446        0.053043
LBFGS:  850 08:15:52      -14.509077        0.150081
LBFGS:  851 08:15:52      -14.533447        0.052793
LBFGS:  852 08:15:52      -14.540421        0.051699
LBFGS:  853 08:15:52      -14.524973        0.083318
LBFGS:  854 08:15:52      -14.540421        0.052056
LBFGS:  855 08:15:52      -14.563617        0.133146
LBFGS:  856 08:15:52      -14.540421        0.052322
LBFGS:  857 08:15:53      -14.531077        0.059866
LBFGS:  858 08:15:53      -14.545747        0.068412
LBFGS:  859 08:15:53      -14.531077        0.059611
LBFGS:  860 08:15:53      -14.501788        0.179605
LBFGS:  861 08:15:53      -14.531078        0.059263
LBFGS:  862 08:15:53      -14.537496        0.047671
LBFGS:  863 08:15:53      -14.556677        0.106584
LBFGS:  864 08:15:53      -14.537496        0.047704
LBFGS:  865 08:15:53      -14.524281        0.085916
LBFGS:  866 08:15:53      -14.539987        0.050748
LBFGS:  867 08:15:53      -14.562548        0.128928
LBFGS:  868 08:15:53      -14.539987        0.051016
LBFGS:  869 08:15:54      -14.530418        0.061780
LBFGS:  870 08:15:54      -14.544996        0.065364
LBFGS:  871 08:15:54      -14.530418        0.061508
LBFGS:  872 08:15:54      -14.499679        0.187964
LBFGS:  873 08:15:54      -14.530419        0.061172
LBFGS:  874 08:15:54      -14.536854        0.047177
LBFGS:  875 08:15:54      -14.555276        0.100982
LBFGS:  876 08:15:54      -14.536853        0.047191
LBFGS:  877 08:15:54      -14.521473        0.097418
LBFGS:  878 08:15:54      -14.538422        0.048027
LBFGS:  879 08:15:54      -14.558788        0.114935
LBFGS:  880 08:15:54      -14.538421        0.048204
LBFGS:  881 08:15:55      -14.527204        0.073598
LBFGS:  882 08:15:55      -14.542009        0.055489
LBFGS:  883 08:15:55      -14.567610        0.147123
LBFGS:  884 08:15:55      -14.542010        0.055957
LBFGS:  885 08:15:55      -14.532989        0.054031
LBFGS:  886 08:15:55      -14.507712        0.155620
LBFGS:  887 08:15:55      -14.532990        0.053767
LBFGS:  888 08:15:55      -14.539753        0.050278
LBFGS:  889 08:15:55      -14.561975        0.125614
LBFGS:  890 08:15:55      -14.539753        0.050457
LBFGS:  891 08:15:55      -14.530034        0.063326
LBFGS:  892 08:15:56      -14.544581        0.063663
LBFGS:  893 08:15:56      -14.530034        0.063001
LBFGS:  894 08:15:56      -14.498455        0.192972
LBFGS:  895 08:15:56      -14.530035        0.062644
LBFGS:  896 08:15:56      -14.536508        0.047188
LBFGS:  897 08:15:56      -14.554543        0.097516
LBFGS:  898 08:15:56      -14.536508        0.047136
LBFGS:  899 08:15:56      -14.519561        0.105509
LBFGS:  900 08:15:56      -14.537496        0.047241
LBFGS:  901 08:15:56      -14.552612        0.091491
LBFGS:  902 08:15:56      -14.535543        0.047979
LBFGS:  903 08:15:56      -14.514892        0.124972
LBFGS:  904 08:15:57      -14.535543        0.047999
LBFGS:  905 08:15:57      -14.544646        0.062895
LBFGS:  906 08:15:57      -14.530096        0.061788
LBFGS:  907 08:15:57      -14.498638        0.191689
LBFGS:  908 08:15:57      -14.530096        0.061522
LBFGS:  909 08:15:57      -14.536554        0.046410
LBFGS:  910 08:15:57      -14.554638        0.098060
LBFGS:  911 08:15:57      -14.536553        0.046473
LBFGS:  912 08:15:57      -14.519850        0.103646
LBFGS:  913 08:15:57      -14.537629        0.046719
LBFGS:  914 08:15:57      -14.553444        0.094679
LBFGS:  915 08:15:57      -14.535968        0.047080
LBFGS:  916 08:15:58      -14.515976        0.119983
LBFGS:  917 08:15:58      -14.535967        0.047174
LBFGS:  918 08:15:58      -14.545881        0.067049
LBFGS:  919 08:15:58      -14.531191        0.057544
LBFGS:  920 08:15:58      -14.502130        0.177271
LBFGS:  921 08:15:58      -14.531191        0.057355
LBFGS:  922 08:15:58      -14.537597        0.046378
LBFGS:  923 08:15:58      -14.556900        0.107471
LBFGS:  924 08:15:58      -14.537596        0.046603
LBFGS:  925 08:15:58      -14.524675        0.083167
LBFGS:  926 08:15:58      -14.540228        0.050238
LBFGS:  927 08:15:58      -14.563145        0.131151
LBFGS:  928 08:15:59      -14.540228        0.050676
LBFGS:  929 08:15:59      -14.530806        0.059639
LBFGS:  930 08:15:59      -14.545427        0.066137
LBFGS:  931 08:15:59      -14.530805        0.059390
LBFGS:  932 08:15:59      -14.500910        0.182577
LBFGS:  933 08:15:59      -14.530806        0.059135
LBFGS:  934 08:15:59      -14.537214        0.046660
LBFGS:  935 08:15:59      -14.556053        0.104329
LBFGS:  936 08:15:59      -14.537213        0.046804
LBFGS:  937 08:15:59      -14.523166        0.089831
LBFGS:  938 08:15:59      -14.539327        0.048879
LBFGS:  939 08:15:59      -14.560940        0.123265
LBFGS:  940 08:16:00      -14.539327        0.049211
LBFGS:  941 08:16:00      -14.529261        0.065335
LBFGS:  942 08:16:00      -14.543799        0.060817
LBFGS:  943 08:16:00      -14.572144        0.162771
LBFGS:  944 08:16:00      -14.543801        0.061494
LBFGS:  945 08:16:00      -14.534533        0.051020
LBFGS:  946 08:16:00      -14.512193        0.137300
LBFGS:  947 08:16:00      -14.534534        0.050819
LBFGS:  948 08:16:00      -14.542317        0.056746
LBFGS:  949 08:16:00      -14.527589        0.072767
LBFGS:  950 08:16:00      -14.542317        0.057204
LBFGS:  951 08:16:01      -14.568387        0.150500
LBFGS:  952 08:16:01      -14.542319        0.057626
LBFGS:  953 08:16:01      -14.533288        0.053967
LBFGS:  954 08:16:01      -14.508613        0.152283
LBFGS:  955 08:16:01      -14.533290        0.053651
LBFGS:  956 08:16:01      -14.540188        0.051713
LBFGS:  957 08:16:01      -14.524604        0.085294
LBFGS:  958 08:16:01      -14.540188        0.052031
LBFGS:  959 08:16:01      -14.563045        0.131346
LBFGS:  960 08:16:01      -14.540189        0.052234
LBFGS:  961 08:16:01      -14.530729        0.061380
LBFGS:  962 08:16:01      -14.545345        0.067395
LBFGS:  963 08:16:02      -14.530728        0.061112
LBFGS:  964 08:16:02      -14.500677        0.184329
LBFGS:  965 08:16:02      -14.530729        0.060715
LBFGS:  966 08:16:02      -14.537153        0.047775
LBFGS:  967 08:16:02      -14.555925        0.103620
LBFGS:  968 08:16:02      -14.537153        0.047746
LBFGS:  969 08:16:02      -14.522879        0.091976
LBFGS:  970 08:16:02      -14.539171        0.049463
LBFGS:  971 08:16:02      -14.560566        0.121641
LBFGS:  972 08:16:02      -14.539171        0.049647
LBFGS:  973 08:16:02      -14.528936        0.067258
LBFGS:  974 08:16:02      -14.543495        0.060400
LBFGS:  975 08:16:02      -14.571375        0.160075
LBFGS:  976 08:16:03      -14.543497        0.060952
LBFGS:  977 08:16:03      -14.534296        0.051843
LBFGS:  978 08:16:03      -14.511525        0.140278
LBFGS:  979 08:16:03      -14.534297        0.051580
LBFGS:  980 08:16:03      -14.541867        0.055727
LBFGS:  981 08:16:03      -14.527015        0.075392
LBFGS:  982 08:16:03      -14.541867        0.056167
LBFGS:  983 08:16:03      -14.567249        0.146299
LBFGS:  984 08:16:03      -14.541868        0.056498
LBFGS:  985 08:16:03      -14.532833        0.055240
LBFGS:  986 08:16:03      -14.507249        0.157946
LBFGS:  987 08:16:03      -14.532835        0.054881
LBFGS:  988 08:16:04      -14.539551        0.050518
LBFGS:  989 08:16:04      -14.561485        0.123761
LBFGS:  990 08:16:04      -14.539551        0.050592
LBFGS:  991 08:16:04      -14.529666        0.065131
LBFGS:  992 08:16:04      -14.544207        0.062848
LBFGS:  993 08:16:04      -14.529666        0.064782
LBFGS:  994 08:16:04      -14.497272        0.197887
LBFGS:  995 08:16:04      -14.529667        0.064359
LBFGS:  996 08:16:04      -14.536194        0.047572
LBFGS:  997 08:16:04      -14.553897        0.094601
LBFGS:  998 08:16:04      -14.536193        0.047424
LBFGS:  999 08:16:05      -14.517475        0.114490
LBFGS:  1000 08:16:05      -14.536581        0.047331
Optimized energy (eV): -14.536580601769662
