cuequivariance or cuequivariance_torch is not available. Cuequivariance acceleration will be disabled.
Using float64 for MACECalculator, which is slower but more accurate. Recommended for geometry optimization.
Using head Default out of ['Default']
       Step     Time          Energy          fmax
LBFGS:    0 02:28:15     -352.953387        1.042128
LBFGS:    1 02:28:16     -353.002013        0.980098
LBFGS:    2 02:28:16     -353.119061        0.867128
LBFGS:    3 02:28:16     -353.217252        0.337300
LBFGS:    4 02:28:17     -353.227645        0.239942
LBFGS:    5 02:28:17     -353.237118        0.255893
LBFGS:    6 02:28:17     -353.258116        0.377650
LBFGS:    7 02:28:17     -353.299277        0.516256
LBFGS:    8 02:28:18     -353.344390        0.519481
LBFGS:    9 02:28:18     -353.372993        0.337924
LBFGS:   10 02:28:18     -353.390810        0.345219
LBFGS:   11 02:28:19     -353.404524        0.349502
LBFGS:   12 02:28:19     -353.446496        0.345011
LBFGS:   13 02:28:19     -353.489839        0.427267
LBFGS:   14 02:28:19     -353.528473        0.366821
LBFGS:   15 02:28:20     -353.554257        0.279882
LBFGS:   16 02:28:20     -353.562174        0.279350
LBFGS:   17 02:28:20     -353.574311        0.314978
LBFGS:   18 02:28:20     -353.604520        0.419396
LBFGS:   19 02:28:21     -353.643534        0.456012
LBFGS:   20 02:28:21     -353.668971        0.318515
LBFGS:   21 02:28:21     -353.680394        0.242257
LBFGS:   22 02:28:22     -353.689236        0.202639
LBFGS:   23 02:28:22     -353.700122        0.221051
LBFGS:   24 02:28:22     -353.723388        0.294392
LBFGS:   25 02:28:23     -353.752521        0.308974
LBFGS:   26 02:28:23     -353.778680        0.359992
LBFGS:   27 02:28:23     -353.792685        0.356634
LBFGS:   28 02:28:23     -353.805864        0.291473
LBFGS:   29 02:28:24     -353.828245        0.253836
LBFGS:   30 02:28:24     -353.858992        0.276929
LBFGS:   31 02:28:24     -353.883591        0.296021
LBFGS:   32 02:28:25     -353.901223        0.314478
LBFGS:   33 02:28:25     -353.921112        0.299998
LBFGS:   34 02:28:25     -353.952293        0.321838
LBFGS:   35 02:28:25     -354.000109        0.437089
LBFGS:   36 02:28:26     -354.050340        0.408781
LBFGS:   37 02:28:26     -354.095121        0.380216
LBFGS:   38 02:28:26     -354.125631        0.396057
LBFGS:   39 02:28:27     -354.146506        0.363950
LBFGS:   40 02:28:27     -354.193535        0.388777
LBFGS:   41 02:28:27     -354.279312        0.469318
LBFGS:   42 02:28:27     -354.347466        0.364671
LBFGS:   43 02:28:28     -354.392662        0.384320
LBFGS:   44 02:28:28     -354.435492        0.377517
LBFGS:   45 02:28:28     -354.489082        0.363933
LBFGS:   46 02:28:29     -354.576651        0.522907
LBFGS:   47 02:28:29     -354.669521        0.512892
LBFGS:   48 02:28:29     -354.743737        0.346718
LBFGS:   49 02:28:30     -354.781784        0.316206
LBFGS:   50 02:28:30     -354.821407        0.283076
LBFGS:   51 02:28:30     -354.901607        0.358916
LBFGS:   52 02:28:30     -355.019975        0.481117
LBFGS:   53 02:28:31     -355.110359        0.370851
LBFGS:   54 02:28:31     -355.154203        0.307572
LBFGS:   55 02:28:31     -355.183121        0.282009
LBFGS:   56 02:28:32     -355.224013        0.230427
LBFGS:   57 02:28:32     -355.286930        0.317574
LBFGS:   58 02:28:32     -355.346810        0.259316
LBFGS:   59 02:28:32     -355.378539        0.227117
LBFGS:   60 02:28:33     -355.391234        0.215934
LBFGS:   61 02:28:33     -355.402801        0.188570
LBFGS:   62 02:28:33     -355.424276        0.176017
LBFGS:   63 02:28:34     -355.449809        0.154909
LBFGS:   64 02:28:34     -355.465512        0.155689
LBFGS:   65 02:28:34     -355.472438        0.164338
LBFGS:   66 02:28:35     -355.478542        0.150437
LBFGS:   67 02:28:35     -355.489411        0.127008
LBFGS:   68 02:28:35     -355.505392        0.138117
LBFGS:   69 02:28:35     -355.520190        0.109379
LBFGS:   70 02:28:36     -355.528198        0.129717
LBFGS:   71 02:28:36     -355.533069        0.129325
LBFGS:   72 02:28:36     -355.539979        0.112516
LBFGS:   73 02:28:37     -355.553014        0.157287
LBFGS:   74 02:28:37     -355.571483        0.162420
LBFGS:   75 02:28:37     -355.586752        0.170823
LBFGS:   76 02:28:37     -355.594121        0.180911
LBFGS:   77 02:28:38     -355.598144        0.164492
LBFGS:   78 02:28:38     -355.603181        0.130202
LBFGS:   79 02:28:38     -355.610935        0.080887
LBFGS:   80 02:28:38     -355.618223        0.083944
LBFGS:   81 02:28:39     -355.622000        0.096582
LBFGS:   82 02:28:39     -355.623703        0.091291
LBFGS:   83 02:28:39     -355.625577        0.078285
LBFGS:   84 02:28:39     -355.629046        0.063272
LBFGS:   85 02:28:40     -355.633752        0.068028
LBFGS:   86 02:28:40     -355.637525        0.051136
LBFGS:   87 02:28:40     -355.639184        0.053352
LBFGS:   88 02:28:41     -355.640030        0.049526
LBFGS:   89 02:28:41     -355.641284        0.048416
LBFGS:   90 02:28:41     -355.643589        0.046654
LBFGS:   91 02:28:41     -355.646613        0.046203
LBFGS:   92 02:28:42     -355.648937        0.063058
LBFGS:   93 02:28:42     -355.650091        0.066124
LBFGS:   94 02:28:42     -355.650915        0.059946
LBFGS:   95 02:28:43     -355.652195        0.044811
LBFGS:   96 02:28:43     -355.654060        0.045666
LBFGS:   97 02:28:43     -355.655749        0.038305
LBFGS:   98 02:28:43     -355.656572        0.044966
LBFGS:   99 02:28:44     -355.656955        0.040580
LBFGS:  100 02:28:44     -355.657428        0.038852
LBFGS:  101 02:28:44     -355.658313        0.039384
LBFGS:  102 02:28:44     -355.659537        0.031807
LBFGS:  103 02:28:45     -355.660562        0.041554
LBFGS:  104 02:28:45     -355.661075        0.041918
LBFGS:  105 02:28:45     -355.661410        0.035077
LBFGS:  106 02:28:46     -355.661946        0.024457
LBFGS:  107 02:28:46     -355.662899        0.030084
LBFGS:  108 02:28:46     -355.664138        0.044910
LBFGS:  109 02:28:47     -355.665082        0.051007
LBFGS:  110 02:28:47     -355.665561        0.046496
LBFGS:  111 02:28:47     -355.665913        0.037923
LBFGS:  112 02:28:47     -355.666444        0.026668
LBFGS:  113 02:28:48     -355.667132        0.023845
LBFGS:  114 02:28:48     -355.667641        0.019482
LBFGS:  115 02:28:48     -355.667823        0.014454
LBFGS:  116 02:28:49     -355.667885        0.013013
LBFGS:  117 02:28:49     -355.667958        0.012914
LBFGS:  118 02:28:49     -355.668088        0.010671
LBFGS:  119 02:28:49     -355.668236        0.013277
LBFGS:  120 02:28:50     -355.668331        0.013378
LBFGS:  121 02:28:50     -355.668371        0.010138
LBFGS:  122 02:28:50     -355.668402        0.010297
LBFGS:  123 02:28:50     -355.668460        0.009406
LBFGS:  124 02:28:51     -355.668546        0.008866
LBFGS:  125 02:28:51     -355.668629        0.007923
LBFGS:  126 02:28:51     -355.668674        0.007723
LBFGS:  127 02:28:52     -355.668698        0.008249
LBFGS:  128 02:28:52     -355.668729        0.008312
LBFGS:  129 02:28:52     -355.668792        0.009144
LBFGS:  130 02:28:52     -355.668896        0.013602
LBFGS:  131 02:28:53     -355.669009        0.016351
LBFGS:  132 02:28:53     -355.669086        0.015305
LBFGS:  133 02:28:53     -355.669135        0.012602
LBFGS:  134 02:28:54     -355.669197        0.013130
LBFGS:  135 02:28:54     -355.669308        0.016209
LBFGS:  136 02:28:54     -355.669460        0.015295
LBFGS:  137 02:28:54     -355.669581        0.009825
LBFGS:  138 02:28:55     -355.669634        0.009103
LBFGS:  139 02:28:55     -355.669659        0.008651
LBFGS:  140 02:28:55     -355.669694        0.007873
LBFGS:  141 02:28:55     -355.669751        0.008673
LBFGS:  142 02:28:56     -355.669816        0.009016
LBFGS:  143 02:28:56     -355.669862        0.007818
LBFGS:  144 02:28:56     -355.669887        0.006910
LBFGS:  145 02:28:56     -355.669912        0.006386
LBFGS:  146 02:28:57     -355.669950        0.007253
LBFGS:  147 02:28:57     -355.669992        0.007103
LBFGS:  148 02:28:57     -355.670019        0.007323
LBFGS:  149 02:28:58     -355.670030        0.006003
LBFGS:  150 02:28:58     -355.670039        0.004365
LBFGS:  151 02:28:58     -355.670053        0.004110
LBFGS:  152 02:28:58     -355.670071        0.005421
LBFGS:  153 02:28:59     -355.670088        0.007192
LBFGS:  154 02:28:59     -355.670100        0.007280
LBFGS:  155 02:28:59     -355.670112        0.006380
LBFGS:  156 02:28:59     -355.670133        0.005101
LBFGS:  157 02:29:00     -355.670168        0.006191
LBFGS:  158 02:29:00     -355.670208        0.006689
LBFGS:  159 02:29:00     -355.670236        0.006453
LBFGS:  160 02:29:00     -355.670250        0.005591
LBFGS:  161 02:29:01     -355.670264        0.005554
LBFGS:  162 02:29:01     -355.670288        0.004984
LBFGS:  163 02:29:01     -355.670317        0.004881
LBFGS:  164 02:29:02     -355.670338        0.004797
LBFGS:  165 02:29:02     -355.670347        0.003710
LBFGS:  166 02:29:02     -355.670352        0.003405
LBFGS:  167 02:29:02     -355.670361        0.003393
LBFGS:  168 02:29:03     -355.670374        0.003412
LBFGS:  169 02:29:03     -355.670388        0.003142
LBFGS:  170 02:29:03     -355.670395        0.003042
LBFGS:  171 02:29:03     -355.670398        0.003246
LBFGS:  172 02:29:04     -355.670402        0.003313
LBFGS:  173 02:29:04     -355.670408        0.003041
LBFGS:  174 02:29:04     -355.670417        0.002642
LBFGS:  175 02:29:05     -355.670425        0.003039
LBFGS:  176 02:29:05     -355.670429        0.002847
LBFGS:  177 02:29:05     -355.670431        0.002617
LBFGS:  178 02:29:05     -355.670436        0.002435
LBFGS:  179 02:29:06     -355.670442        0.002527
LBFGS:  180 02:29:06     -355.670450        0.002717
LBFGS:  181 02:29:06     -355.670455        0.002331
LBFGS:  182 02:29:06     -355.670457        0.001775
LBFGS:  183 02:29:07     -355.670459        0.001655
LBFGS:  184 02:29:07     -355.670461        0.001806
LBFGS:  185 02:29:07     -355.670465        0.002195
LBFGS:  186 02:29:07     -355.670467        0.002418
LBFGS:  187 02:29:08     -355.670469        0.002153
LBFGS:  188 02:29:08     -355.670470        0.001729
LBFGS:  189 02:29:08     -355.670471        0.001486
LBFGS:  190 02:29:09     -355.670473        0.001418
LBFGS:  191 02:29:09     -355.670474        0.001002
LBFGS:  192 02:29:09     -355.670475        0.000883
Optimized energy (eV): -355.6704745816114
